// Jest Snapshot v1, https://goo.gl/fbAQLP

exports[`Prueba en <GifItem/> debe hacer match con el snapshot 1`] = `
<div>
  <div
    class="card"
  >
    <img
      alt="Gif Item"
      src="https://testing.prueba"
    />
    <p>
      Gif Item
    </p>
  </div>
</div>
`;
